Archive member included because of file (symbol)

c:/program files (x86)/gnu tools arm embedded/4.8 2014q1/bin/../lib/gcc/arm-none-eabi/4.8.3/../../../../arm-none-eabi/lib/armv7-m\libm.a(lib_a-s_floor.o)
                              ..\obj\main.o (floor)
c:/program files (x86)/gnu tools arm embedded/4.8 2014q1/bin/../lib/gcc/arm-none-eabi/4.8.3/../../../../arm-none-eabi/lib/armv7-m\libm.a(lib_a-s_round.o)
                              ..\obj\main.o (round)
c:/program files (x86)/gnu tools arm embedded/4.8 2014q1/bin/../lib/gcc/arm-none-eabi/4.8.3/armv7-m\libgcc.a(_arm_addsubdf3.o)
                              ..\obj\main.o (__aeabi_dsub)
c:/program files (x86)/gnu tools arm embedded/4.8 2014q1/bin/../lib/gcc/arm-none-eabi/4.8.3/armv7-m\libgcc.a(_arm_muldivdf3.o)
                              ..\obj\main.o (__aeabi_dmul)
c:/program files (x86)/gnu tools arm embedded/4.8 2014q1/bin/../lib/gcc/arm-none-eabi/4.8.3/armv7-m\libgcc.a(_arm_cmpdf2.o)
                              c:/program files (x86)/gnu tools arm embedded/4.8 2014q1/bin/../lib/gcc/arm-none-eabi/4.8.3/../../../../arm-none-eabi/lib/armv7-m\libm.a(lib_a-s_floor.o) (__aeabi_dcmpgt)
c:/program files (x86)/gnu tools arm embedded/4.8 2014q1/bin/../lib/gcc/arm-none-eabi/4.8.3/armv7-m\libgcc.a(_arm_fixdfsi.o)
                              ..\obj\main.o (__aeabi_d2iz)
c:/program files (x86)/gnu tools arm embedded/4.8 2014q1/bin/../lib/gcc/arm-none-eabi/4.8.3/../../../../arm-none-eabi/lib/armv7-m\libg_s.a(lib_a-memset.o)
                              ..\obj\main.o (memset)
c:/program files (x86)/gnu tools arm embedded/4.8 2014q1/bin/../lib/gcc/arm-none-eabi/4.8.3/../../../../arm-none-eabi/lib/armv7-m\libg_s.a(lib_a-strcat.o)
                              ..\obj\main.o (strcat)
c:/program files (x86)/gnu tools arm embedded/4.8 2014q1/bin/../lib/gcc/arm-none-eabi/4.8.3/../../../../arm-none-eabi/lib/armv7-m\libg_s.a(lib_a-strlen.o)
                              ..\obj\main.o (strlen)
c:/program files (x86)/gnu tools arm embedded/4.8 2014q1/bin/../lib/gcc/arm-none-eabi/4.8.3/../../../../arm-none-eabi/lib/armv7-m\libg_s.a(lib_a-vfprintf_float.o)
                              (_printf_float)
c:/program files (x86)/gnu tools arm embedded/4.8 2014q1/bin/../lib/gcc/arm-none-eabi/4.8.3/../../../../arm-none-eabi/lib/armv7-m\libg_s.a(lib_a-vfprintf_i.o)
                              c:/program files (x86)/gnu tools arm embedded/4.8 2014q1/bin/../lib/gcc/arm-none-eabi/4.8.3/../../../../arm-none-eabi/lib/armv7-m\libg_s.a(lib_a-vfprintf_float.o) (_printf_common)
c:/program files (x86)/gnu tools arm embedded/4.8 2014q1/bin/../lib/gcc/arm-none-eabi/4.8.3/../../../../arm-none-eabi/lib/armv7-m\libg_s.a(lib_a-vfscanf_float.o)
                              (_scanf_float)
c:/program files (x86)/gnu tools arm embedded/4.8 2014q1/bin/../lib/gcc/arm-none-eabi/4.8.3/../../../../arm-none-eabi/lib/armv7-m\libg_s.a(lib_a-dtoa.o)
                              c:/program files (x86)/gnu tools arm embedded/4.8 2014q1/bin/../lib/gcc/arm-none-eabi/4.8.3/../../../../arm-none-eabi/lib/armv7-m\libg_s.a(lib_a-vfprintf_float.o) (_dtoa_r)
c:/program files (x86)/gnu tools arm embedded/4.8 2014q1/bin/../lib/gcc/arm-none-eabi/4.8.3/../../../../arm-none-eabi/lib/armv7-m\libg_s.a(lib_a-locale.o)
                              c:/program files (x86)/gnu tools arm embedded/4.8 2014q1/bin/../lib/gcc/arm-none-eabi/4.8.3/../../../../arm-none-eabi/lib/armv7-m\libg_s.a(lib_a-vfprintf_float.o) (_localeconv_r)
c:/program files (x86)/gnu tools arm embedded/4.8 2014q1/bin/../lib/gcc/arm-none-eabi/4.8.3/../../../../arm-none-eabi/lib/armv7-m\libg_s.a(lib_a-malloc.o)
                              c:/program files (x86)/gnu tools arm embedded/4.8 2014q1/bin/../lib/gcc/arm-none-eabi/4.8.3/../../../../arm-none-eabi/lib/armv7-m\libg_s.a(lib_a-dtoa.o) (malloc)
c:/program files (x86)/gnu tools arm embedded/4.8 2014q1/bin/../lib/gcc/arm-none-eabi/4.8.3/../../../../arm-none-eabi/lib/armv7-m\libg_s.a(lib_a-memcpy-stub.o)
                              c:/program files (x86)/gnu tools arm embedded/4.8 2014q1/bin/../lib/gcc/arm-none-eabi/4.8.3/../../../../arm-none-eabi/lib/armv7-m\libg_s.a(lib_a-dtoa.o) (memcpy)
c:/program files (x86)/gnu tools arm embedded/4.8 2014q1/bin/../lib/gcc/arm-none-eabi/4.8.3/../../../../arm-none-eabi/lib/armv7-m\libg_s.a(lib_a-mprec.o)
                              c:/program files (x86)/gnu tools arm embedded/4.8 2014q1/bin/../lib/gcc/arm-none-eabi/4.8.3/../../../../arm-none-eabi/lib/armv7-m\libg_s.a(lib_a-dtoa.o) (_Balloc)
c:/program files (x86)/gnu tools arm embedded/4.8 2014q1/bin/../lib/gcc/arm-none-eabi/4.8.3/../../../../arm-none-eabi/lib/armv7-m\libg_s.a(lib_a-nano-callocr.o)
                              c:/program files (x86)/gnu tools arm embedded/4.8 2014q1/bin/../lib/gcc/arm-none-eabi/4.8.3/../../../../arm-none-eabi/lib/armv7-m\libg_s.a(lib_a-mprec.o) (_calloc_r)
[...]
Memory Configuration

Name             Origin             Length             Attributes
rom              0x08000000         0x00010000         xr
ram              0x20000000         0x00005000         xrw
*default*        0x00000000         0xffffffff

Linker script and memory map

                0x20005000                _eram = 0x20005000

.text           0x08000000     0x5d55
 *(.isr_vector)
 .isr_vector    0x08000000      0x10c ..\obj\startup_stm32f10x_md.o
                0x08000000                g_pfnVectors
 *(.text*)
 .text.SH_SendChar
                0x0800010c       0x64 ..\obj\semihosting.o
                0x0800010c                SH_SendChar
 .text.TIM_TimeBaseInit
                0x08000170       0xf8 ..\obj\stm32f10x_tim.o
                0x08000170                TIM_TimeBaseInit
 .text.TIM_Cmd  0x08000268       0x40 ..\obj\stm32f10x_tim.o
                0x08000268                TIM_Cmd
 .text.TIM_SetCounter
                0x080002a8       0x1c ..\obj\stm32f10x_tim.o
                0x080002a8                TIM_SetCounter
 .text.TIM_GetCounter
                0x080002c4       0x1c ..\obj\stm32f10x_tim.o
                0x080002c4                TIM_GetCounter
 .text.SystemInit
                0x080002e0       0x68 ..\obj\system_stm32f10x.o
                0x080002e0                SystemInit
 .text.SystemCoreClockUpdate
                0x08000348       0xd8 ..\obj\system_stm32f10x.o
                0x08000348                SystemCoreClockUpdate
 .text.SetSysClock
                0x08000420        0xc ..\obj\system_stm32f10x.o
 .text.SetSysClockTo72
                0x0800042c      0x100 ..\obj\system_stm32f10x.o
 .text.Default_Reset_Handler
                0x0800052c       0x60 ..\obj\startup_stm32f10x_md.o
                0x0800052c                Default_Reset_Handler
                0x0800052c                Reset_Handler
 .text.Default_Handler
                0x0800058c        0x8 ..\obj\startup_stm32f10x_md.o
                0x0800058c                EXTI2_IRQHandler
                0x0800058c                DebugMon_Handler
                0x0800058c                TIM1_CC_IRQHandler
                0x0800058c                PVD_IRQHandler
                0x0800058c                PendSV_Handler
                0x0800058c                NMI_Handler
                0x0800058c                EXTI3_IRQHandler
                0x0800058c                EXTI0_IRQHandler
                0x0800058c                I2C2_EV_IRQHandler
                0x0800058c                UsageFault_Handler
                0x0800058c                ADC1_2_IRQHandler
                0x0800058c                SPI1_IRQHandler
                0x0800058c                TAMPER_IRQHandler
                0x0800058c                DMA1_Channel4_IRQHandler
                0x0800058c                USART3_IRQHandler
                0x0800058c                RTC_IRQHandler
                0x0800058c                DMA1_Channel7_IRQHandler
                0x0800058c                CAN1_RX1_IRQHandler
                0x0800058c                TIM4_IRQHandler
                0x0800058c                I2C1_EV_IRQHandler
                0x0800058c                DMA1_Channel6_IRQHandler
                0x0800058c                TIM3_IRQHandler
                0x0800058c                RCC_IRQHandler
                0x0800058c                TIM1_TRG_COM_IRQHandler
                0x0800058c                DMA1_Channel1_IRQHandler
                0x0800058c                EXTI15_10_IRQHandler
                0x0800058c                EXTI9_5_IRQHandler
                0x0800058c                SPI2_IRQHandler
                0x0800058c                MemManage_Handler
                0x0800058c                SVC_Handler
                0x0800058c                DMA1_Channel5_IRQHandler
                0x0800058c                EXTI4_IRQHandler
                0x0800058c                USB_LP_CAN1_RX0_IRQHandler
                0x0800058c                USB_HP_CAN1_TX_IRQHandler
                0x0800058c                DMA1_Channel3_IRQHandler
                0x0800058c                TIM1_UP_IRQHandler
                0x0800058c                WWDG_IRQHandler
                0x0800058c                TIM2_IRQHandler
                0x0800058c                TIM1_BRK_IRQHandler
                0x0800058c                EXTI1_IRQHandler
                0x0800058c                RTCAlarm_IRQHandler
                0x0800058c                USART2_IRQHandler
                0x0800058c                I2C2_ER_IRQHandler
                0x0800058c                DMA1_Channel2_IRQHandler
                0x0800058c                CAN1_SCE_IRQHandler
                0x0800058c                FLASH_IRQHandler
                0x0800058c                BusFault_Handler
                0x0800058c                USART1_IRQHandler
                0x0800058c                I2C1_ER_IRQHandler
                0x0800058c                USBWakeUp_IRQHandler
 .text.GPIO_Init
                0x08000594      0x178 ..\obj\stm32f10x_gpio.o
                0x08000594                GPIO_Init
 .text.GPIO_ReadInputDataBit
                0x0800070c       0x34 ..\obj\stm32f10x_gpio.o
                0x0800070c                GPIO_ReadInputDataBit
 .text.GPIO_SetBits
                0x08000740       0x1c ..\obj\stm32f10x_gpio.o
                0x08000740                GPIO_SetBits
 .text.GPIO_ResetBits
                0x0800075c       0x1c ..\obj\stm32f10x_gpio.o
                0x0800075c                GPIO_ResetBits
 .text.NVIC_SetPriority
                0x08000778       0x54 ..\obj\main.o
 .text.SysTick_Config
                0x080007cc       0x44 ..\obj\main.o
 .text.SysTick_Handler
                0x08000810       0x1c ..\obj\main.o
                0x08000810                SysTick_Handler
 .text.delay_ms
                0x0800082c       0x58 ..\obj\main.o
                0x0800082c                delay_ms
 .text.usart_init
                0x08000884       0xa0 ..\obj\main.o
                0x08000884                usart_init
 .text.USARTSend
                0x08000924       0x3c ..\obj\main.o
                0x08000924                USARTSend
 .text.main     0x08000960      0x2b8 ..\obj\main.o
                0x08000960                main
 .text.DHT11_init
                0x08000c18       0x6c ..\obj\main.o
                0x08000c18                DHT11_init
 .text.DHT11_read
                0x08000c84      0x1d0 ..\obj\main.o
                0x08000c84                DHT11_read
 .text.PrintChar
                0x08000e54       0x18 ..\obj\printf.o
                0x08000e54                PrintChar
 .text.PutChar  0x08000e6c       0x20 ..\obj\printf.o
                0x08000e6c                PutChar
 .text.PutString
                0x08000e8c       0x3c ..\obj\printf.o
                0x08000e8c                PutString
 .text.PutUnsignedInt
                0x08000ec8       0xa0 ..\obj\printf.o
                0x08000ec8                PutUnsignedInt
 .text.PutSignedInt
                0x08000f68       0xfc ..\obj\printf.o
                0x08000f68                PutSignedInt
 .text.PutHexa  0x08001064       0xd4 ..\obj\printf.o
                0x08001064                PutHexa
 .text.vsnprintf
                0x08001138      0x254 ..\obj\printf.o
                0x08001138                vsnprintf
 .text.vsprintf
                0x0800138c       0x24 ..\obj\printf.o
                0x0800138c                vsprintf
 .text.vfprintf
                0x080013b0       0x68 ..\obj\printf.o
                0x080013b0                vfprintf
 .text.vprintf  0x08001418       0x28 ..\obj\printf.o
                0x08001418                vprintf
 .text.printf   0x08001440       0x28 ..\obj\printf.o
                0x08001440                printf
 .text.sprintf  0x08001468       0x2c ..\obj\printf.o
                0x08001468                sprintf
 .text.puts     0x08001494       0x24 ..\obj\printf.o
                0x08001494                puts
 .text.fputc    0x080014b8       0x40 ..\obj\printf.o
                0x080014b8                fputc
 .text.fputs    0x080014f8       0x48 ..\obj\printf.o
                0x080014f8                fputs
 .text.RCC_GetClocksFreq
                0x08001540      0x164 ..\obj\stm32f10x_rcc.o
                0x08001540                RCC_GetClocksFreq
 .text.RCC_APB2PeriphClockCmd
                0x080016a4       0x3c ..\obj\stm32f10x_rcc.o
                0x080016a4                RCC_APB2PeriphClockCmd
 .text.RCC_APB1PeriphClockCmd
                0x080016e0       0x3c ..\obj\stm32f10x_rcc.o
                0x080016e0                RCC_APB1PeriphClockCmd
 .text.USART_Init
                0x0800171c      0x174 ..\obj\stm32f10x_usart.o
                0x0800171c                USART_Init
 .text.USART_Cmd
                0x08001890       0x40 ..\obj\stm32f10x_usart.o
                0x08001890                USART_Cmd
 .text.USART_ITConfig
                0x080018d0       0x90 ..\obj\stm32f10x_usart.o
                0x080018d0                USART_ITConfig
 .text.USART_SendData
                0x08001960       0x24 ..\obj\stm32f10x_usart.o
                0x08001960                USART_SendData
 .text.USART_GetFlagStatus
                0x08001984       0x38 ..\obj\stm32f10x_usart.o
                0x08001984                USART_GetFlagStatus
 .text          0x080019bc       0x30 ..\obj\sh_cmd.o
                0x080019bc                SH_DoCommand
                0x080019d2                HardFault_Handler
 .text._sbrk    0x080019ec       0x40 ..\obj\syscalls.o
                0x080019ec                _sbrk
 .text.NVIC_Init
                0x08001a2c       0xc0 ..\obj\misc.o
                0x08001a2c                NVIC_Init
 .text          0x08001aec      0x370 c:/program files (x86)/gnu tools arm embedded/4.8 2014q1/bin/../lib/gcc/arm-none-eabi/4.8.3/armv7-m\libgcc.a(_arm_addsubdf3.o)
                0x08001aec                __aeabi_drsub
                0x08001af4                __aeabi_dsub
                0x08001af4                __subdf3
                0x08001af8                __aeabi_dadd
                0x08001af8                __adddf3
                0x08001d70                __floatunsidf
                0x08001d70                __aeabi_ui2d
                0x08001d90                __floatsidf
                0x08001d90                __aeabi_i2d
                0x08001db4                __aeabi_f2d
                0x08001db4                __extendsfdf2
                0x08001df0                __floatundidf
                0x08001df0                __aeabi_ul2d
                0x08001e00                __floatdidf
                0x08001e00                __aeabi_l2d
 .text          0x08001e5c      0x424 c:/program files (x86)/gnu tools arm embedded/4.8 2014q1/bin/../lib/gcc/arm-none-eabi/4.8.3/armv7-m\libgcc.a(_arm_muldivdf3.o)
                0x08001e5c                __aeabi_dmul
                0x08001e5c                __muldf3
                0x080020b0                __divdf3
                0x080020b0                __aeabi_ddiv
 .text          0x08002280      0x110 c:/program files (x86)/gnu tools arm embedded/4.8 2014q1/bin/../lib/gcc/arm-none-eabi/4.8.3/armv7-m\libgcc.a(_arm_cmpdf2.o)
                0x08002280                __gtdf2
                0x08002280                __gedf2
                0x08002288                __ltdf2
                0x08002288                __ledf2
                0x08002290                __nedf2
                0x08002290                __eqdf2
                0x08002290                __cmpdf2
                0x0800230c                __aeabi_cdrcmple
                0x0800231c                __aeabi_cdcmpeq
                0x0800231c                __aeabi_cdcmple
                0x0800232c                __aeabi_dcmpeq
                0x08002340                __aeabi_dcmplt
                0x08002354                __aeabi_dcmple
                0x08002368                __aeabi_dcmpge
                0x0800237c                __aeabi_dcmpgt
 .text          0x08002390       0x50 c:/program files (x86)/gnu tools arm embedded/4.8 2014q1/bin/../lib/gcc/arm-none-eabi/4.8.3/armv7-m\libgcc.a(_arm_fixdfsi.o)
                0x08002390                __aeabi_d2iz
                0x08002390                __fixdfsi
 .text.memset   0x080023e0       0x10 c:/program files (x86)/gnu tools arm embedded/4.8 2014q1/bin/../lib/gcc/arm-none-eabi/4.8.3/../../../../arm-none-eabi/lib/armv7-m\libg_s.a(lib_a-memset.o)
                0x080023e0                memset
 .text.strcat   0x080023f0       0x1a c:/program files (x86)/gnu tools arm embedded/4.8 2014q1/bin/../lib/gcc/arm-none-eabi/4.8.3/../../../../arm-none-eabi/lib/armv7-m\libg_s.a(lib_a-strcat.o)
                0x080023f0                strcat
 .text.strlen   0x0800240a       0x10 c:/program files (x86)/gnu tools arm embedded/4.8 2014q1/bin/../lib/gcc/arm-none-eabi/4.8.3/../../../../arm-none-eabi/lib/armv7-m\libg_s.a(lib_a-strlen.o)
                0x0800240a                strlen
 .text.__cvt    0x0800241a       0xc0 c:/program files (x86)/gnu tools arm embedded/4.8 2014q1/bin/../lib/gcc/arm-none-eabi/4.8.3/../../../../arm-none-eabi/lib/armv7-m\libg_s.a(lib_a-vfprintf_float.o)
                0x0800241a                __cvt
 .text.__exponent
                0x080024da       0x68 c:/program files (x86)/gnu tools arm embedded/4.8 2014q1/bin/../lib/gcc/arm-none-eabi/4.8.3/../../../../arm-none-eabi/lib/armv7-m\libg_s.a(lib_a-vfprintf_float.o)
                0x080024da                __exponent
 *fill*         0x08002542        0x2 
 .text._printf_float
                0x08002544      0x41c c:/program files (x86)/gnu tools arm embedded/4.8 2014q1/bin/../lib/gcc/arm-none-eabi/4.8.3/../../../../arm-none-eabi/lib/armv7-m\libg_s.a(lib_a-vfprintf_float.o)
                0x08002544                _printf_float
 .text._printf_common
                0x08002960       0xe4 c:/program files (x86)/gnu tools arm embedded/4.8 2014q1/bin/../lib/gcc/arm-none-eabi/4.8.3/../../../../arm-none-eabi/lib/armv7-m\libg_s.a(lib_a-vfprintf_i.o)
                0x08002960                _printf_common
 .text._scanf_float
                0x08002a44      0x3d8 c:/program files (x86)/gnu tools arm embedded/4.8 2014q1/bin/../lib/gcc/arm-none-eabi/4.8.3/../../../../arm-none-eabi/lib/armv7-m\libg_s.a(lib_a-vfscanf_float.o)
                0x08002a44                _scanf_float
 .text.quorem   0x08002e1c      0x11e c:/program files (x86)/gnu tools arm embedded/4.8 2014q1/bin/../lib/gcc/arm-none-eabi/4.8.3/../../../../arm-none-eabi/lib/armv7-m\libg_s.a(lib_a-dtoa.o)
 *fill*         0x08002f3a        0x6 
 .text._dtoa_r  0x08002f40      0xb80 c:/program files (x86)/gnu tools arm embedded/4.8 2014q1/bin/../lib/gcc/arm-none-eabi/4.8.3/../../../../arm-none-eabi/lib/armv7-m\libg_s.a(lib_a-dtoa.o)
                0x08002f40                _dtoa_r
 .text._localeconv_r
                0x08003ac0        0x8 c:/program files (x86)/gnu tools arm embedded/4.8 2014q1/bin/../lib/gcc/arm-none-eabi/4.8.3/../../../../arm-none-eabi/lib/armv7-m\libg_s.a(lib_a-locale.o)
                0x08003ac0                _localeconv_r
 .text.malloc   0x08003ac8       0x10 c:/program files (x86)/gnu tools arm embedded/4.8 2014q1/bin/../lib/gcc/arm-none-eabi/4.8.3/../../../../arm-none-eabi/lib/armv7-m\libg_s.a(lib_a-malloc.o)
                0x08003ac8                malloc
 .text.memcpy   0x08003ad8       0x12 c:/program files (x86)/gnu tools arm embedded/4.8 2014q1/bin/../lib/gcc/arm-none-eabi/4.8.3/../../../../arm-none-eabi/lib/armv7-m\libg_s.a(lib_a-memcpy-stub.o)
                0x08003ad8                memcpy
 .text._Balloc  0x08003aea       0x6a c:/program files (x86)/gnu tools arm embedded/4.8 2014q1/bin/../lib/gcc/arm-none-eabi/4.8.3/../../../../arm-none-eabi/lib/armv7-m\libg_s.a(lib_a-mprec.o)
                0x08003aea                _Balloc
 .text._Bfree   0x08003b54       0x2e c:/program files (x86)/gnu tools arm embedded/4.8 2014q1/bin/../lib/gcc/arm-none-eabi/4.8.3/../../../../arm-none-eabi/lib/armv7-m\libg_s.a(lib_a-mprec.o)
                0x08003b54                _Bfree
 .text.__multadd
                0x08003b82       0x74 c:/program files (x86)/gnu tools arm embedded/4.8 2014q1/bin/../lib/gcc/arm-none-eabi/4.8.3/../../../../arm-none-eabi/lib/armv7-m\libg_s.a(lib_a-mprec.o)
                0x08003b82                __multadd
 .text.__s2b    0x08003bf6       0x84 c:/program files (x86)/gnu tools arm embedded/4.8 2014q1/bin/../lib/gcc/arm-none-eabi/4.8.3/../../../../arm-none-eabi/lib/armv7-m\libg_s.a(lib_a-mprec.o)
                0x08003bf6                __s2b
 .text.__hi0bits
                0x08003c7a       0x40 c:/program files (x86)/gnu tools arm embedded/4.8 2014q1/bin/../lib/gcc/arm-none-eabi/4.8.3/../../../../arm-none-eabi/lib/armv7-m\libg_s.a(lib_a-mprec.o)
                0x08003c7a                __hi0bits
 .text.__lo0bits
                0x08003cba       0x5a c:/program files (x86)/gnu tools arm embedded/4.8 2014q1/bin/../lib/gcc/arm-none-eabi/4.8.3/../../../../arm-none-eabi/lib/armv7-m\libg_s.a(lib_a-mprec.o)
                0x08003cba                __lo0bits
 .text.__i2b    0x08003d14       0x12 c:/program files (x86)/gnu tools arm embedded/4.8 2014q1/bin/../lib/gcc/arm-none-eabi/4.8.3/../../../../arm-none-eabi/lib/armv7-m\libg_s.a(lib_a-mprec.o)
                0x08003d14                __i2b
 .text.__multiply
                0x08003d26      0x130 c:/program files (x86)/gnu tools arm embedded/4.8 2014q1/bin/../lib/gcc/arm-none-eabi/4.8.3/../../../../arm-none-eabi/lib/armv7-m\libg_s.a(lib_a-mprec.o)
                0x08003d26                __multiply
 *fill*         0x08003e56        0x2 
 .text.__pow5mult
                0x08003e58       0x9c c:/program files (x86)/gnu tools arm embedded/4.8 2014q1/bin/../lib/gcc/arm-none-eabi/4.8.3/../../../../arm-none-eabi/lib/armv7-m\libg_s.a(lib_a-mprec.o)
                0x08003e58                __pow5mult
 .text.__lshift
                0x08003ef4       0xa6 c:/program files (x86)/gnu tools arm embedded/4.8 2014q1/bin/../lib/gcc/arm-none-eabi/4.8.3/../../../../arm-none-eabi/lib/armv7-m\libg_s.a(lib_a-mprec.o)
                0x08003ef4                __lshift
 .text.__mcmp   0x08003f9a       0x3a c:/program files (x86)/gnu tools arm embedded/4.8 2014q1/bin/../lib/gcc/arm-none-eabi/4.8.3/../../../../arm-none-eabi/lib/armv7-m\libg_s.a(lib_a-mprec.o)
                0x08003f9a                __mcmp
 .text.__mdiff  0x08003fd4       0xbe c:/program files (x86)/gnu tools arm embedded/4.8 2014q1/bin/../lib/gcc/arm-none-eabi/4.8.3/../../../../arm-none-eabi/lib/armv7-m\libg_s.a(lib_a-mprec.o)
                0x08003fd4                __mdiff
 *fill*         0x08004092        0x2 
 .text.__ulp    0x08004094       0x44 c:/program files (x86)/gnu tools arm embedded/4.8 2014q1/bin/../lib/gcc/arm-none-eabi/4.8.3/../../../../arm-none-eabi/lib/armv7-m\libg_s.a(lib_a-mprec.o)
                0x08004094                __ulp
 .text.__b2d    0x080040d8       0xa6 c:/program files (x86)/gnu tools arm embedded/4.8 2014q1/bin/../lib/gcc/arm-none-eabi/4.8.3/../../../../arm-none-eabi/lib/armv7-m\libg_s.a(lib_a-mprec.o)
                0x080040d8                __b2d
 .text.__d2b    0x0800417e       0xa4 c:/program files (x86)/gnu tools arm embedded/4.8 2014q1/bin/../lib/gcc/arm-none-eabi/4.8.3/../../../../arm-none-eabi/lib/armv7-m\libg_s.a(lib_a-mprec.o)
                0x0800417e                __d2b
 .text.__ratio  0x08004222       0x4a c:/program files (x86)/gnu tools arm embedded/4.8 2014q1/bin/../lib/gcc/arm-none-eabi/4.8.3/../../../../arm-none-eabi/lib/armv7-m\libg_s.a(lib_a-mprec.o)
                0x08004222                __ratio
 .text.__copybits
                0x0800426c       0x32 c:/program files (x86)/gnu tools arm embedded/4.8 2014q1/bin/../lib/gcc/arm-none-eabi/4.8.3/../../../../arm-none-eabi/lib/armv7-m\libg_s.a(lib_a-mprec.o)
                0x0800426c                __copybits
 .text.__any_on
                0x0800429e       0x48 c:/program files (x86)/gnu tools arm embedded/4.8 2014q1/bin/../lib/gcc/arm-none-eabi/4.8.3/../../../../arm-none-eabi/lib/armv7-m\libg_s.a(lib_a-mprec.o)
                0x0800429e                __any_on
 .text._calloc_r
                0x080042e6       0x1c c:/program files (x86)/gnu tools arm embedded/4.8 2014q1/bin/../lib/gcc/arm-none-eabi/4.8.3/../../../../arm-none-eabi/lib/armv7-m\libg_s.a(lib_a-nano-callocr.o)
                0x080042e6                _calloc_r
 *fill*         0x08004302        0x2 
 .text._malloc_r
                0x08004304       0xa8 c:/program files (x86)/gnu tools arm embedded/4.8 2014q1/bin/../lib/gcc/arm-none-eabi/4.8.3/../../../../arm-none-eabi/lib/armv7-m\libg_s.a(lib_a-nano-mallocr.o)
                0x08004304                _malloc_r
 .text.__fpclassifyd
                0x080043ac       0x44 c:/program files (x86)/gnu tools arm embedded/4.8 2014q1/bin/../lib/gcc/arm-none-eabi/4.8.3/../../../../arm-none-eabi/lib/armv7-m\libg_s.a(lib_a-s_fpclassify.o)
                0x080043ac                __fpclassifyd
 .text._sbrk_r  0x080043f0       0x20 c:/program files (x86)/gnu tools arm embedded/4.8 2014q1/bin/../lib/gcc/arm-none-eabi/4.8.3/../../../../arm-none-eabi/lib/armv7-m\libg_s.a(lib_a-sbrkr.o)
                0x080043f0                _sbrk_r
 .text.nanf     0x08004410        0x8 c:/program files (x86)/gnu tools arm embedded/4.8 2014q1/bin/../lib/gcc/arm-none-eabi/4.8.3/../../../../arm-none-eabi/lib/armv7-m\libg_s.a(lib_a-sf_nan.o)
                0x08004410                nanf
 .text.match    0x08004418       0x28 c:/program files (x86)/gnu tools arm embedded/4.8 2014q1/bin/../lib/gcc/arm-none-eabi/4.8.3/../../../../arm-none-eabi/lib/armv7-m\libg_s.a(lib_a-strtod.o)
 .text.sulp     0x08004440       0x3e c:/program files (x86)/gnu tools arm embedded/4.8 2014q1/bin/../lib/gcc/arm-none-eabi/4.8.3/../../../../arm-none-eabi/lib/armv7-m\libg_s.a(lib_a-strtod.o)
 *fill*         0x0800447e        0x2 
 .text._strtod_r
                0x08004480      0xc38 c:/program files (x86)/gnu tools arm embedded/4.8 2014q1/bin/../lib/gcc/arm-none-eabi/4.8.3/../../../../arm-none-eabi/lib/armv7-m\libg_s.a(lib_a-strtod.o)
                0x08004480                _strtod_r
 .text._strtol_r
                0x080050b8      0x104 c:/program files (x86)/gnu tools arm embedded/4.8 2014q1/bin/../lib/gcc/arm-none-eabi/4.8.3/../../../../arm-none-eabi/lib/armv7-m\libg_s.a(lib_a-strtol.o)
                0x080050b8                _strtol_r
 .text.rshift   0x080051bc       0x6a c:/program files (x86)/gnu tools arm embedded/4.8 2014q1/bin/../lib/gcc/arm-none-eabi/4.8.3/../../../../arm-none-eabi/lib/armv7-m\libg_s.a(lib_a-gdtoa-gethex.o)
 .text.__hexdig_fun
                0x08005226       0x2a c:/program files (x86)/gnu tools arm embedded/4.8 2014q1/bin/../lib/gcc/arm-none-eabi/4.8.3/../../../../arm-none-eabi/lib/armv7-m\libg_s.a(lib_a-gdtoa-gethex.o)
                0x08005226                __hexdig_fun
 .text.__gethex
                0x08005250      0x45e c:/program files (x86)/gnu tools arm embedded/4.8 2014q1/bin/../lib/gcc/arm-none-eabi/4.8.3/../../../../arm-none-eabi/lib/armv7-m\libg_s.a(lib_a-gdtoa-gethex.o)
                0x08005250                __gethex
 .text.L_shift  0x080056ae       0x26 c:/program files (x86)/gnu tools arm embedded/4.8 2014q1/bin/../lib/gcc/arm-none-eabi/4.8.3/../../../../arm-none-eabi/lib/armv7-m\libg_s.a(lib_a-gdtoa-hexnan.o)
 .text.__hexnan
                0x080056d4      0x120 c:/program files (x86)/gnu tools arm embedded/4.8 2014q1/bin/../lib/gcc/arm-none-eabi/4.8.3/../../../../arm-none-eabi/lib/armv7-m\libg_s.a(lib_a-gdtoa-hexnan.o)
                0x080056d4                __hexnan
 .text.strncmp  0x080057f4       0x2c c:/program files (x86)/gnu tools arm embedded/4.8 2014q1/bin/../lib/gcc/arm-none-eabi/4.8.3/../../../../arm-none-eabi/lib/armv7-m\libg_s.a(lib_a-strncmp.o)
                0x080057f4                strncmp
 .text          0x08005820       0x40 c:/program files (x86)/gnu tools arm embedded/4.8 2014q1/bin/../lib/gcc/arm-none-eabi/4.8.3/armv7-m\libgcc.a(_arm_fixunsdfsi.o)
                0x08005820                __aeabi_d2uiz
                0x08005820                __fixunsdfsi
 .text          0x08005860       0xa0 c:/program files (x86)/gnu tools arm embedded/4.8 2014q1/bin/../lib/gcc/arm-none-eabi/4.8.3/armv7-m\libgcc.a(_arm_truncdfsf2.o)
                0x08005860                __truncdfsf2
                0x08005860                __aeabi_d2f
 *(.init)
 *(.fini)
 *crtbegin.o(.ctors)
 *crtbegin?.o(.ctors)
 *(EXCLUDE_FILE(*crtend.o *crtend?.o) .ctors)
 *(SORT(.ctors.*))
 *(.ctors)
 *crtbegin.o(.dtors)
 *crtbegin?.o(.dtors)
 *(EXCLUDE_FILE(*crtend.o *crtend?.o) .dtors)
 *(SORT(.dtors.*))
 *(.dtors)
 *(.rodata*)
 .rodata        0x08005900      0x1b4 ..\obj\main.o
 .rodata        0x08005ab4       0x24 ..\obj\printf.o
 .rodata.str1.1
                0x08005ad8       0x12 c:/program files (x86)/gnu tools arm embedded/4.8 2014q1/bin/../lib/gcc/arm-none-eabi/4.8.3/../../../../arm-none-eabi/lib/armv7-m\libg_s.a(lib_a-vfprintf_float.o)
 .rodata.str1.1
                0x08005aea        0x5 c:/program files (x86)/gnu tools arm embedded/4.8 2014q1/bin/../lib/gcc/arm-none-eabi/4.8.3/../../../../arm-none-eabi/lib/armv7-m\libg_s.a(lib_a-vfscanf_float.o)
 .rodata.str1.1
                0x08005aef        0xd c:/program files (x86)/gnu tools arm embedded/4.8 2014q1/bin/../lib/gcc/arm-none-eabi/4.8.3/../../../../arm-none-eabi/lib/armv7-m\libg_s.a(lib_a-dtoa.o)
                                  0xf (size before relaxing)
 .rodata.str1.1
                0x08005afc        0xa c:/program files (x86)/gnu tools arm embedded/4.8 2014q1/bin/../lib/gcc/arm-none-eabi/4.8.3/../../../../arm-none-eabi/lib/armv7-m\libg_s.a(lib_a-locale.o)
                                  0xb (size before relaxing)
 *fill*         0x08005b06        0x2 
 .rodata.__mprec_tens
                0x08005b08       0xc8 c:/program files (x86)/gnu tools arm embedded/4.8 2014q1/bin/../lib/gcc/arm-none-eabi/4.8.3/../../../../arm-none-eabi/lib/armv7-m\libg_s.a(lib_a-mprec.o)
                0x08005b08                __mprec_tens
 .rodata.__mprec_bigtens
                0x08005bd0       0x28 c:/program files (x86)/gnu tools arm embedded/4.8 2014q1/bin/../lib/gcc/arm-none-eabi/4.8.3/../../../../arm-none-eabi/lib/armv7-m\libg_s.a(lib_a-mprec.o)
                0x08005bd0                __mprec_bigtens
 .rodata.p05.5278
                0x08005bf8        0xc c:/program files (x86)/gnu tools arm embedded/4.8 2014q1/bin/../lib/gcc/arm-none-eabi/4.8.3/../../../../arm-none-eabi/lib/armv7-m\libg_s.a(lib_a-mprec.o)
 .rodata.fpi.5243
                0x08005c04       0x14 c:/program files (x86)/gnu tools arm embedded/4.8 2014q1/bin/../lib/gcc/arm-none-eabi/4.8.3/../../../../arm-none-eabi/lib/armv7-m\libg_s.a(lib_a-strtod.o)
 .rodata.str1.1
                0x00000000        0xa c:/program files (x86)/gnu tools arm embedded/4.8 2014q1/bin/../lib/gcc/arm-none-eabi/4.8.3/../../../../arm-none-eabi/lib/armv7-m\libg_s.a(lib_a-strtod.o)
                                  0xc (size before relaxing)
 .rodata.tinytens
                0x08005c18       0x28 c:/program files (x86)/gnu tools arm embedded/4.8 2014q1/bin/../lib/gcc/arm-none-eabi/4.8.3/../../../../arm-none-eabi/lib/armv7-m\libg_s.a(lib_a-strtod.o)
 .rodata.fpinan.5279
                0x08005c40       0x14 c:/program files (x86)/gnu tools arm embedded/4.8 2014q1/bin/../lib/gcc/arm-none-eabi/4.8.3/../../../../arm-none-eabi/lib/armv7-m\libg_s.a(lib_a-strtod.o)
 .rodata._ctype_
                0x08005c54      0x101 c:/program files (x86)/gnu tools arm embedded/4.8 2014q1/bin/../lib/gcc/arm-none-eabi/4.8.3/../../../../arm-none-eabi/lib/armv7-m\libg_s.a(lib_a-ctype_.o)
                0x08005c54                _ctype_
 *(.eh_fram e*)

.glue_7         0x08005d58        0x0
 .glue_7        0x00000000        0x0 linker stubs

.glue_7t        0x08005d58        0x0
 .glue_7t       0x00000000        0x0 linker stubs

.vfp11_veneer   0x08005d58        0x0
 .vfp11_veneer  0x00000000        0x0 linker stubs

.v4_bx          0x08005d58        0x0
 .v4_bx         0x00000000        0x0 linker stubs

.iplt           0x08005d58        0x0
 .iplt          0x00000000        0x0 ..\obj\semihosting.o

.rel.dyn        0x08005d58        0x0
 .rel.iplt      0x00000000        0x0 ..\obj\semihosting.o

.ARM.extab
 *(.ARM.extab* .gnu.linkonce.armextab.*)
                0x08005d58                __exidx_start = .

.ARM.exidx
 *(.ARM.exidx* .gnu.linkonce.armexidx.*)
                0x08005d58                __exidx_end = .
                0x08005d58                __etext = .
                0x08005d55                _sidata = __etext

.data           0x20000000      0x4a8 load address 0x08005d55
                0x20000000                __data_start__ = .
                0x20000000                _sdata = __data_start__
 *(vtable)
 *(.data*)
 .data          0x20000000       0x14 ..\obj\system_stm32f10x.o
                0x20000000                SystemCoreClock
                0x20000004                AHBPrescTable
 .data          0x20000014       0x14 ..\obj\main.o
                0x20000014                a
                0x20000018                b
                0x2000001c                c
                0x20000020                ADCBuffer
 .data          0x20000028      0x430 ..\obj\printf.o
                0x20000028                r
                0x20000450                _impure_ptr
 .data          0x20000458       0x14 ..\obj\stm32f10x_rcc.o
 .data.lconv    0x2000046c       0x38 c:/program files (x86)/gnu tools arm embedded/4.8 2014q1/bin/../lib/gcc/arm-none-eabi/4.8.3/../../../../arm-none-eabi/lib/armv7-m\libg_s.a(lib_a-locale.o)
 .data.__ctype_ptr__
                0x200004a4        0x4 c:/program files (x86)/gnu tools arm embedded/4.8 2014q1/bin/../lib/gcc/arm-none-eabi/4.8.3/../../../../arm-none-eabi/lib/armv7-m\libg_s.a(lib_a-ctype_.o)
                0x200004a4                __ctype_ptr__
                0x200004a8                . = ALIGN (0x4)
                0x200004a8                PROVIDE (__preinit_array_start, .)
 *(.preinit_array)
                0x200004a8                PROVIDE (__preinit_array_end, .)
                0x200004a8                . = ALIGN (0x4)
                0x200004a8                PROVIDE (__init_array_start, .)
 *(SORT(.init_array.*))
 *(.init_array)
                0x200004a8                PROVIDE (__init_array_end, .)
                0x200004a8                . = ALIGN (0x4)
                0x200004a8                PROVIDE (__fini_array_start, .)
 *(SORT(.fini_array.*))
 *(.fini_array)
                0x200004a8                PROVIDE (__fini_array_end, .)
 *(.jcr*)
                0x200004a8                . = ALIGN (0x4)
                0x200004a8                __data_end__ = .
                0x200004a8                _edata = __data_end__

.igot.plt       0x200004a8        0x0 load address 0x08006200
 .igot.plt      0x00000000        0x0 ..\obj\semihosting.o

.bss            0x200004a8       0x68 load address 0x08006200
                0x200004a8                . = ALIGN (0x4)
                0x200004a8                __bss_start__ = .
                0x200004a8                _sbss = __bss_start__
 *(.bss*)
 .bss           0x200004a8       0x14 ..\obj\semihosting.o
 .bss           0x200004bc        0x4 ..\obj\syscalls.o
 .bss.__malloc_sbrk_start
                0x200004c0        0x4 c:/program files (x86)/gnu tools arm embedded/4.8 2014q1/bin/../lib/gcc/arm-none-eabi/4.8.3/../../../../arm-none-eabi/lib/armv7-m\libg_s.a(lib_a-nano-mallocr.o)
                0x200004c0                __malloc_sbrk_start
 .bss.__malloc_free_list
                0x200004c4        0x4 c:/program files (x86)/gnu tools arm embedded/4.8 2014q1/bin/../lib/gcc/arm-none-eabi/4.8.3/../../../../arm-none-eabi/lib/armv7-m\libg_s.a(lib_a-nano-mallocr.o)
                0x200004c4                __malloc_free_list
 *(COMMON)
 COMMON         0x200004c8       0x44 ..\obj\main.o
                0x200004c8                dev
                0x200004d4                buff
                0x200004f4                gelen
                0x200004f8                i
                0x200004fc                RXc
                0x20000500                msTicks
                0x20000504                RXi
                0x20000508                res
 COMMON         0x2000050c        0x4 c:/program files (x86)/gnu tools arm embedded/4.8 2014q1/bin/../lib/gcc/arm-none-eabi/4.8.3/../../../../arm-none-eabi/lib/armv7-m\libg_s.a(lib_a-reent.o)
                0x2000050c                errno
                0x20000510                . = ALIGN (0x4)
                0x20000510                __bss_end__ = .
                0x20000510                _ebss = __bss_end__

.heap           0x20000510        0x0
                0x20000510                __end__ = .
                0x20000510                _end = __end__
                0x20000510                end = __end__
 *(.heap*)
                0x20000510                __HeapLimit = .

.co_stack       0x20000510      0x400 load address 0x08006268
                0x20000510                . = ALIGN (0x8)
 *(.co_stack .co_stack.*)
 .co_stack      0x20000510      0x400 ..\obj\startup_stm32f10x_md.o
                0x20000510                pulStack
                0x20005000                __StackTop = (ORIGIN (ram) + 0x5000)
                0x20004c00                __StackLimit = (__StackTop - SIZEOF (.co_stack))
                0x20005000                PROVIDE (__stack, __StackTop)
                0x00000001                ASSERT ((__StackLimit >= __HeapLimit), region ram  overflowed with stack)
LOAD ..\obj\semihosting.o
LOAD ..\obj\stm32f10x_tim.o
LOAD ..\obj\system_stm32f10x.o
LOAD ..\obj\startup_stm32f10x_md.o
LOAD ..\obj\stm32f10x_gpio.o
LOAD ..\obj\main.o
LOAD ..\obj\printf.o
LOAD ..\obj\stm32f10x_rcc.o
LOAD ..\obj\stm32f10x_adc.o
LOAD ..\obj\stm32f10x_usart.o
LOAD ..\obj\sh_cmd.o
LOAD ..\obj\syscalls.o
LOAD ..\obj\stm32f10x_dma.o
LOAD ..\obj\misc.o
LOAD c:/program files (x86)/gnu tools arm embedded/4.8 2014q1/bin/../lib/gcc/arm-none-eabi/4.8.3/../../../../arm-none-eabi/lib/armv7-m\libm.a
START GROUP
LOAD c:/program files (x86)/gnu tools arm embedded/4.8 2014q1/bin/../lib/gcc/arm-none-eabi/4.8.3/armv7-m\libgcc.a
LOAD c:/program files (x86)/gnu tools arm embedded/4.8 2014q1/bin/../lib/gcc/arm-none-eabi/4.8.3/../../../../arm-none-eabi/lib/armv7-m\libg_s.a
LOAD c:/program files (x86)/gnu tools arm embedded/4.8 2014q1/bin/../lib/gcc/arm-none-eabi/4.8.3/../../../../arm-none-eabi/lib/armv7-m\libc_s.a
END GROUP
START GROUP
LOAD c:/program files (x86)/gnu tools arm embedded/4.8 2014q1/bin/../lib/gcc/arm-none-eabi/4.8.3/armv7-m\libgcc.a
LOAD c:/program files (x86)/gnu tools arm embedded/4.8 2014q1/bin/../lib/gcc/arm-none-eabi/4.8.3/../../../../arm-none-eabi/lib/armv7-m\libc_s.a
END GROUP
OUTPUT(newtemp.elf elf32-littlearm)

.debug_info     0x00000000     0x63b4
 .debug_info    0x00000000      0x12b ..\obj\semihosting.o
 .debug_info    0x0000012b     0x1c58 ..\obj\stm32f10x_tim.o
 .debug_info    0x00001d83      0x479 ..\obj\system_stm32f10x.o
 .debug_info    0x000021fc       0xe9 ..\obj\startup_stm32f10x_md.o
 .debug_info    0x000022e5      0x6e7 ..\obj\stm32f10x_gpio.o
 .debug_info    0x000029cc      0xf70 ..\obj\main.o
 .debug_info    0x0000393c      0xe45 ..\obj\printf.o
 .debug_info    0x00004781      0x88d ..\obj\stm32f10x_rcc.o
 .debug_info    0x0000500e      0x9e8 ..\obj\stm32f10x_usart.o
 .debug_info    0x000059f6       0x93 ..\obj\sh_cmd.o
 .debug_info    0x00005a89      0x3ee ..\obj\syscalls.o
 .debug_info    0x00005e77      0x53d ..\obj\misc.o

.debug_abbrev   0x00000000     0x10d2
 .debug_abbrev  0x00000000       0xab ..\obj\semihosting.o
 .debug_abbrev  0x000000ab      0x1b0 ..\obj\stm32f10x_tim.o
 .debug_abbrev  0x0000025b      0x14c ..\obj\system_stm32f10x.o
 .debug_abbrev  0x000003a7       0xa7 ..\obj\startup_stm32f10x_md.o
 .debug_abbrev  0x0000044e      0x1c8 ..\obj\stm32f10x_gpio.o
 .debug_abbrev  0x00000616      0x2d6 ..\obj\main.o
 .debug_abbrev  0x000008ec      0x28f ..\obj\printf.o
 .debug_abbrev  0x00000b7b      0x1ba ..\obj\stm32f10x_rcc.o
 .debug_abbrev  0x00000d35      0x162 ..\obj\stm32f10x_usart.o
 .debug_abbrev  0x00000e97       0x14 ..\obj\sh_cmd.o
 .debug_abbrev  0x00000eab       0xe2 ..\obj\syscalls.o
 .debug_abbrev  0x00000f8d      0x145 ..\obj\misc.o

.debug_aranges  0x00000000      0x818
 .debug_aranges
                0x00000000       0x30 ..\obj\semihosting.o
 .debug_aranges
                0x00000030      0x2f0 ..\obj\stm32f10x_tim.o
 .debug_aranges
                0x00000320       0x38 ..\obj\system_stm32f10x.o
 .debug_aranges
                0x00000358       0x28 ..\obj\startup_stm32f10x_md.o
 .debug_aranges
                0x00000380       0xa8 ..\obj\stm32f10x_gpio.o
 .debug_aranges
                0x00000428       0x78 ..\obj\main.o
 .debug_aranges
                0x000004a0       0xa0 ..\obj\printf.o
 .debug_aranges
                0x00000540      0x118 ..\obj\stm32f10x_rcc.o
 .debug_aranges
                0x00000658      0x100 ..\obj\stm32f10x_usart.o
 .debug_aranges
                0x00000758       0x20 ..\obj\sh_cmd.o
 .debug_aranges
                0x00000778       0x60 ..\obj\syscalls.o
 .debug_aranges
                0x000007d8       0x40 ..\obj\misc.o

.debug_ranges   0x00000000      0x748
 .debug_ranges  0x00000000       0x20 ..\obj\semihosting.o
 .debug_ranges  0x00000020      0x2e0 ..\obj\stm32f10x_tim.o
 .debug_ranges  0x00000300       0x28 ..\obj\system_stm32f10x.o
 .debug_ranges  0x00000328       0x18 ..\obj\startup_stm32f10x_md.o
 .debug_ranges  0x00000340       0x98 ..\obj\stm32f10x_gpio.o
 .debug_ranges  0x000003d8       0x68 ..\obj\main.o
 .debug_ranges  0x00000440       0x90 ..\obj\printf.o
 .debug_ranges  0x000004d0      0x108 ..\obj\stm32f10x_rcc.o
 .debug_ranges  0x000005d8       0xf0 ..\obj\stm32f10x_usart.o
 .debug_ranges  0x000006c8       0x50 ..\obj\syscalls.o
 .debug_ranges  0x00000718       0x30 ..\obj\misc.o

.debug_line     0x00000000     0x2666
 .debug_line    0x00000000       0xa5 ..\obj\semihosting.o
 .debug_line    0x000000a5      0xa67 ..\obj\stm32f10x_tim.o
 .debug_line    0x00000b0c      0x20a ..\obj\system_stm32f10x.o
 .debug_line    0x00000d16       0x9f ..\obj\startup_stm32f10x_md.o
 .debug_line    0x00000db5      0x39b ..\obj\stm32f10x_gpio.o
 .debug_line    0x00001150      0x435 ..\obj\main.o
 .debug_line    0x00001585      0x393 ..\obj\printf.o
 .debug_line    0x00001918      0x4a9 ..\obj\stm32f10x_rcc.o
 .debug_line    0x00001dc1      0x486 ..\obj\stm32f10x_usart.o
 .debug_line    0x00002247       0x7c ..\obj\sh_cmd.o
 .debug_line    0x000022c3      0x172 ..\obj\syscalls.o
 .debug_line    0x00002435      0x231 ..\obj\misc.o

.debug_str      0x00000000     0x279c
 .debug_str     0x00000000      0x14b ..\obj\semihosting.o
                                0x184 (size before relaxing)
 .debug_str     0x0000014b      0xc4a ..\obj\stm32f10x_tim.o
                                0xde2 (size before relaxing)
 .debug_str     0x00000d95      0x16f ..\obj\system_stm32f10x.o
                                0x2f4 (size before relaxing)
 .debug_str     0x00000f04       0xad ..\obj\startup_stm32f10x_md.o
                                0x144 (size before relaxing)
 .debug_str     0x00000fb1      0x37b ..\obj\stm32f10x_gpio.o
                                0x51e (size before relaxing)
 .debug_str     0x0000132c      0x60d ..\obj\main.o
                                0xad1 (size before relaxing)
 .debug_str     0x00001939      0x4ad ..\obj\printf.o
                                0x661 (size before relaxing)
 .debug_str     0x00001de6      0x3cb ..\obj\stm32f10x_rcc.o
                                0x61f (size before relaxing)
 .debug_str     0x000021b1      0x3a6 ..\obj\stm32f10x_usart.o
                                0x695 (size before relaxing)
 .debug_str     0x00002557      0x13d ..\obj\syscalls.o
                                0x2c6 (size before relaxing)
 .debug_str     0x00002694      0x108 ..\obj\misc.o
                                0x3c3 (size before relaxing)

.comment        0x00000000       0x70
 .comment       0x00000000       0x70 ..\obj\semihosting.o
                                 0x71 (size before relaxing)
 .comment       0x00000000       0x71 ..\obj\stm32f10x_tim.o
 .comment       0x00000000       0x71 ..\obj\system_stm32f10x.o
 .comment       0x00000000       0x71 ..\obj\startup_stm32f10x_md.o
 .comment       0x00000000       0x71 ..\obj\stm32f10x_gpio.o
 .comment       0x00000000       0x71 ..\obj\main.o
 .comment       0x00000000       0x71 ..\obj\printf.o
 .comment       0x00000000       0x71 ..\obj\stm32f10x_rcc.o
 .comment       0x00000000       0x71 ..\obj\stm32f10x_usart.o
 .comment       0x00000000       0x71 ..\obj\syscalls.o
 .comment       0x00000000       0x71 ..\obj\misc.o

.ARM.attributes
                0x00000000       0x31
 .ARM.attributes
                0x00000000       0x33 ..\obj\semihosting.o
 .ARM.attributes
                0x00000033       0x33 ..\obj\stm32f10x_tim.o
 .ARM.attributes
                0x00000066       0x33 ..\obj\system_stm32f10x.o
 .ARM.attributes
                0x00000099       0x33 ..\obj\startup_stm32f10x_md.o
 .ARM.attributes
                0x000000cc       0x33 ..\obj\stm32f10x_gpio.o
 .ARM.attributes
                0x000000ff       0x33 ..\obj\main.o
 .ARM.attributes
                0x00000132       0x33 ..\obj\printf.o
 .ARM.attributes
                0x00000165       0x33 ..\obj\stm32f10x_rcc.o
 .ARM.attributes
                0x00000198       0x33 ..\obj\stm32f10x_usart.o
 .ARM.attributes
                0x000001cb       0x21 ..\obj\sh_cmd.o
 .ARM.attributes
                0x000001ec       0x33 ..\obj\syscalls.o
 .ARM.attributes
                0x0000021f       0x33 ..\obj\misc.o
 .ARM.attributes
                0x00000252       0x1d c:/program files (x86)/gnu tools arm embedded/4.8 2014q1/bin/../lib/gcc/arm-none-eabi/4.8.3/armv7-m\libgcc.a(_arm_addsubdf3.o)
 .ARM.attributes
                0x0000026f       0x1d c:/program files (x86)/gnu tools arm embedded/4.8 2014q1/bin/../lib/gcc/arm-none-eabi/4.8.3/armv7-m\libgcc.a(_arm_muldivdf3.o)
 .ARM.attributes
                0x0000028c       0x1d c:/program files (x86)/gnu tools arm embedded/4.8 2014q1/bin/../lib/gcc/arm-none-eabi/4.8.3/armv7-m\libgcc.a(_arm_cmpdf2.o)
 .ARM.attributes
                0x000002a9       0x1d c:/program files (x86)/gnu tools arm embedded/4.8 2014q1/bin/../lib/gcc/arm-none-eabi/4.8.3/armv7-m\libgcc.a(_arm_fixdfsi.o)
 .ARM.attributes
                0x000002c6       0x2d c:/program files (x86)/gnu tools arm embedded/4.8 2014q1/bin/../lib/gcc/arm-none-eabi/4.8.3/../../../../arm-none-eabi/lib/armv7-m\libg_s.a(lib_a-memset.o)
 .ARM.attributes
                0x000002f3       0x2d c:/program files (x86)/gnu tools arm embedded/4.8 2014q1/bin/../lib/gcc/arm-none-eabi/4.8.3/../../../../arm-none-eabi/lib/armv7-m\libg_s.a(lib_a-strcat.o)
 .ARM.attributes
                0x00000320       0x2d c:/program files (x86)/gnu tools arm embedded/4.8 2014q1/bin/../lib/gcc/arm-none-eabi/4.8.3/../../../../arm-none-eabi/lib/armv7-m\libg_s.a(lib_a-strlen.o)
 .ARM.attributes
                0x0000034d       0x2d c:/program files (x86)/gnu tools arm embedded/4.8 2014q1/bin/../lib/gcc/arm-none-eabi/4.8.3/../../../../arm-none-eabi/lib/armv7-m\libg_s.a(lib_a-vfprintf_float.o)
 .ARM.attributes
                0x0000037a       0x2d c:/program files (x86)/gnu tools arm embedded/4.8 2014q1/bin/../lib/gcc/arm-none-eabi/4.8.3/../../../../arm-none-eabi/lib/armv7-m\libg_s.a(lib_a-vfprintf_i.o)
 .ARM.attributes
                0x000003a7       0x2d c:/program files (x86)/gnu tools arm embedded/4.8 2014q1/bin/../lib/gcc/arm-none-eabi/4.8.3/../../../../arm-none-eabi/lib/armv7-m\libg_s.a(lib_a-vfscanf_float.o)
 .ARM.attributes
                0x000003d4       0x2d c:/program files (x86)/gnu tools arm embedded/4.8 2014q1/bin/../lib/gcc/arm-none-eabi/4.8.3/../../../../arm-none-eabi/lib/armv7-m\libg_s.a(lib_a-dtoa.o)
 .ARM.attributes
                0x00000401       0x2d c:/program files (x86)/gnu tools arm embedded/4.8 2014q1/bin/../lib/gcc/arm-none-eabi/4.8.3/../../../../arm-none-eabi/lib/armv7-m\libg_s.a(lib_a-locale.o)
 .ARM.attributes
                0x0000042e       0x2d c:/program files (x86)/gnu tools arm embedded/4.8 2014q1/bin/../lib/gcc/arm-none-eabi/4.8.3/../../../../arm-none-eabi/lib/armv7-m\libg_s.a(lib_a-malloc.o)
 .ARM.attributes
                0x0000045b       0x2d c:/program files (x86)/gnu tools arm embedded/4.8 2014q1/bin/../lib/gcc/arm-none-eabi/4.8.3/../../../../arm-none-eabi/lib/armv7-m\libg_s.a(lib_a-memcpy-stub.o)
 .ARM.attributes
                0x00000488       0x2d c:/program files (x86)/gnu tools arm embedded/4.8 2014q1/bin/../lib/gcc/arm-none-eabi/4.8.3/../../../../arm-none-eabi/lib/armv7-m\libg_s.a(lib_a-mprec.o)
 .ARM.attributes
                0x000004b5       0x2d c:/program files (x86)/gnu tools arm embedded/4.8 2014q1/bin/../lib/gcc/arm-none-eabi/4.8.3/../../../../arm-none-eabi/lib/armv7-m\libg_s.a(lib_a-nano-callocr.o)
 .ARM.attributes
                0x000004e2       0x2d c:/program files (x86)/gnu tools arm embedded/4.8 2014q1/bin/../lib/gcc/arm-none-eabi/4.8.3/../../../../arm-none-eabi/lib/armv7-m\libg_s.a(lib_a-nano-mallocr.o)
 .ARM.attributes
                0x0000050f       0x2d c:/program files (x86)/gnu tools arm embedded/4.8 2014q1/bin/../lib/gcc/arm-none-eabi/4.8.3/../../../../arm-none-eabi/lib/armv7-m\libg_s.a(lib_a-s_fpclassify.o)
 .ARM.attributes
                0x0000053c       0x2d c:/program files (x86)/gnu tools arm embedded/4.8 2014q1/bin/../lib/gcc/arm-none-eabi/4.8.3/../../../../arm-none-eabi/lib/armv7-m\libg_s.a(lib_a-sbrkr.o)
 .ARM.attributes
                0x00000569       0x2d c:/program files (x86)/gnu tools arm embedded/4.8 2014q1/bin/../lib/gcc/arm-none-eabi/4.8.3/../../../../arm-none-eabi/lib/armv7-m\libg_s.a(lib_a-sf_nan.o)
 .ARM.attributes
                0x00000596       0x2d c:/program files (x86)/gnu tools arm embedded/4.8 2014q1/bin/../lib/gcc/arm-none-eabi/4.8.3/../../../../arm-none-eabi/lib/armv7-m\libg_s.a(lib_a-strtod.o)
 .ARM.attributes
                0x000005c3       0x2d c:/program files (x86)/gnu tools arm embedded/4.8 2014q1/bin/../lib/gcc/arm-none-eabi/4.8.3/../../../../arm-none-eabi/lib/armv7-m\libg_s.a(lib_a-strtol.o)
 .ARM.attributes
                0x000005f0       0x2d c:/program files (x86)/gnu tools arm embedded/4.8 2014q1/bin/../lib/gcc/arm-none-eabi/4.8.3/../../../../arm-none-eabi/lib/armv7-m\libg_s.a(lib_a-ctype_.o)
 .ARM.attributes
                0x0000061d       0x2d c:/program files (x86)/gnu tools arm embedded/4.8 2014q1/bin/../lib/gcc/arm-none-eabi/4.8.3/../../../../arm-none-eabi/lib/armv7-m\libg_s.a(lib_a-gdtoa-gethex.o)
 .ARM.attributes
                0x0000064a       0x2d c:/program files (x86)/gnu tools arm embedded/4.8 2014q1/bin/../lib/gcc/arm-none-eabi/4.8.3/../../../../arm-none-eabi/lib/armv7-m\libg_s.a(lib_a-gdtoa-hexnan.o)
 .ARM.attributes
                0x00000677       0x2d c:/program files (x86)/gnu tools arm embedded/4.8 2014q1/bin/../lib/gcc/arm-none-eabi/4.8.3/../../../../arm-none-eabi/lib/armv7-m\libg_s.a(lib_a-reent.o)
 .ARM.attributes
                0x000006a4       0x2d c:/program files (x86)/gnu tools arm embedded/4.8 2014q1/bin/../lib/gcc/arm-none-eabi/4.8.3/../../../../arm-none-eabi/lib/armv7-m\libg_s.a(lib_a-strncmp.o)
 .ARM.attributes
                0x000006d1       0x1d c:/program files (x86)/gnu tools arm embedded/4.8 2014q1/bin/../lib/gcc/arm-none-eabi/4.8.3/armv7-m\libgcc.a(_arm_fixunsdfsi.o)
 .ARM.attributes
                0x000006ee       0x1d c:/program files (x86)/gnu tools arm embedded/4.8 2014q1/bin/../lib/gcc/arm-none-eabi/4.8.3/armv7-m\libgcc.a(_arm_truncdfsf2.o)

.debug_frame    0x00000000     0x219c
 .debug_frame   0x00000000       0x70 ..\obj\semihosting.o
 .debug_frame   0x00000070      0xa20 ..\obj\stm32f10x_tim.o
 .debug_frame   0x00000a90       0x80 ..\obj\system_stm32f10x.o
 .debug_frame   0x00000b10       0x48 ..\obj\startup_stm32f10x_md.o
 .debug_frame   0x00000b58      0x210 ..\obj\stm32f10x_gpio.o
 .debug_frame   0x00000d68      0x180 ..\obj\main.o
 .debug_frame   0x00000ee8      0x248 ..\obj\printf.o
 .debug_frame   0x00001130      0x388 ..\obj\stm32f10x_rcc.o
 .debug_frame   0x000014b8      0x344 ..\obj\stm32f10x_usart.o
 .debug_frame   0x000017fc      0x108 ..\obj\syscalls.o
 .debug_frame   0x00001904       0x9c ..\obj\misc.o
 .debug_frame   0x000019a0       0x20 c:/program files (x86)/gnu tools arm embedded/4.8 2014q1/bin/../lib/gcc/arm-none-eabi/4.8.3/../../../../arm-none-eabi/lib/armv7-m\libg_s.a(lib_a-memset.o)
 .debug_frame   0x000019c0       0x28 c:/program files (x86)/gnu tools arm embedded/4.8 2014q1/bin/../lib/gcc/arm-none-eabi/4.8.3/../../../../arm-none-eabi/lib/armv7-m\libg_s.a(lib_a-strcat.o)
 .debug_frame   0x000019e8       0x20 c:/program files (x86)/gnu tools arm embedded/4.8 2014q1/bin/../lib/gcc/arm-none-eabi/4.8.3/../../../../arm-none-eabi/lib/armv7-m\libg_s.a(lib_a-strlen.o)
 .debug_frame   0x00001a08       0x80 c:/program files (x86)/gnu tools arm embedded/4.8 2014q1/bin/../lib/gcc/arm-none-eabi/4.8.3/../../../../arm-none-eabi/lib/armv7-m\libg_s.a(lib_a-vfprintf_float.o)
 .debug_frame   0x00001a88       0x60 c:/program files (x86)/gnu tools arm embedded/4.8 2014q1/bin/../lib/gcc/arm-none-eabi/4.8.3/../../../../arm-none-eabi/lib/armv7-m\libg_s.a(lib_a-vfprintf_i.o)
 .debug_frame   0x00001ae8       0x38 c:/program files (x86)/gnu tools arm embedded/4.8 2014q1/bin/../lib/gcc/arm-none-eabi/4.8.3/../../../../arm-none-eabi/lib/armv7-m\libg_s.a(lib_a-vfscanf_float.o)
 .debug_frame   0x00001b20       0x68 c:/program files (x86)/gnu tools arm embedded/4.8 2014q1/bin/../lib/gcc/arm-none-eabi/4.8.3/../../../../arm-none-eabi/lib/armv7-m\libg_s.a(lib_a-dtoa.o)
 .debug_frame   0x00001b88       0x98 c:/program files (x86)/gnu tools arm embedded/4.8 2014q1/bin/../lib/gcc/arm-none-eabi/4.8.3/../../../../arm-none-eabi/lib/armv7-m\libg_s.a(lib_a-locale.o)
 .debug_frame   0x00001c20       0x30 c:/program files (x86)/gnu tools arm embedded/4.8 2014q1/bin/../lib/gcc/arm-none-eabi/4.8.3/../../../../arm-none-eabi/lib/armv7-m\libg_s.a(lib_a-malloc.o)
 .debug_frame   0x00001c50       0x28 c:/program files (x86)/gnu tools arm embedded/4.8 2014q1/bin/../lib/gcc/arm-none-eabi/4.8.3/../../../../arm-none-eabi/lib/armv7-m\libg_s.a(lib_a-memcpy-stub.o)
 .debug_frame   0x00001c78      0x230 c:/program files (x86)/gnu tools arm embedded/4.8 2014q1/bin/../lib/gcc/arm-none-eabi/4.8.3/../../../../arm-none-eabi/lib/armv7-m\libg_s.a(lib_a-mprec.o)
 .debug_frame   0x00001ea8       0x2c c:/program files (x86)/gnu tools arm embedded/4.8 2014q1/bin/../lib/gcc/arm-none-eabi/4.8.3/../../../../arm-none-eabi/lib/armv7-m\libg_s.a(lib_a-nano-callocr.o)
 .debug_frame   0x00001ed4       0x2c c:/program files (x86)/gnu tools arm embedded/4.8 2014q1/bin/../lib/gcc/arm-none-eabi/4.8.3/../../../../arm-none-eabi/lib/armv7-m\libg_s.a(lib_a-nano-mallocr.o)
 .debug_frame   0x00001f00       0x28 c:/program files (x86)/gnu tools arm embedded/4.8 2014q1/bin/../lib/gcc/arm-none-eabi/4.8.3/../../../../arm-none-eabi/lib/armv7-m\libg_s.a(lib_a-s_fpclassify.o)
 .debug_frame   0x00001f28       0x2c c:/program files (x86)/gnu tools arm embedded/4.8 2014q1/bin/../lib/gcc/arm-none-eabi/4.8.3/../../../../arm-none-eabi/lib/armv7-m\libg_s.a(lib_a-sbrkr.o)
 .debug_frame   0x00001f54       0x20 c:/program files (x86)/gnu tools arm embedded/4.8 2014q1/bin/../lib/gcc/arm-none-eabi/4.8.3/../../../../arm-none-eabi/lib/armv7-m\libg_s.a(lib_a-sf_nan.o)
 .debug_frame   0x00001f74       0xa4 c:/program files (x86)/gnu tools arm embedded/4.8 2014q1/bin/../lib/gcc/arm-none-eabi/4.8.3/../../../../arm-none-eabi/lib/armv7-m\libg_s.a(lib_a-strtod.o)
 .debug_frame   0x00002018       0x54 c:/program files (x86)/gnu tools arm embedded/4.8 2014q1/bin/../lib/gcc/arm-none-eabi/4.8.3/../../../../arm-none-eabi/lib/armv7-m\libg_s.a(lib_a-strtol.o)
 .debug_frame   0x0000206c       0x68 c:/program files (x86)/gnu tools arm embedded/4.8 2014q1/bin/../lib/gcc/arm-none-eabi/4.8.3/../../../../arm-none-eabi/lib/armv7-m\libg_s.a(lib_a-gdtoa-gethex.o)
 .debug_frame   0x000020d4       0x54 c:/program files (x86)/gnu tools arm embedded/4.8 2014q1/bin/../lib/gcc/arm-none-eabi/4.8.3/../../../../arm-none-eabi/lib/armv7-m\libg_s.a(lib_a-gdtoa-hexnan.o)
 .debug_frame   0x00002128       0x48 c:/program files (x86)/gnu tools arm embedded/4.8 2014q1/bin/../lib/gcc/arm-none-eabi/4.8.3/../../../../arm-none-eabi/lib/armv7-m\libg_s.a(lib_a-reent.o)
 .debug_frame   0x00002170       0x2c c:/program files (x86)/gnu tools arm embedded/4.8 2014q1/bin/../lib/gcc/arm-none-eabi/4.8.3/../../../../arm-none-eabi/lib/armv7-m\libg_s.a(lib_a-strncmp.o)
